// Jest Snapshot v1, https://goo.gl/fbAQLP

exports[`NotFoundPage Page renders the not found page 1`] = `
Object {
  "asFragment": [Function],
  "baseElement": <body>
    <div>
      <div
        class="contained"
      >
        <svg>
          404.svg
        </svg>
        <h1
          class="mt-4 text-center"
        >
          Something's missing
        </h1>
        <p
          class="text-center"
        >
          This page is missing or you assembled the link incorrectly.
        </p>
        <button
          class="bg-blue p-2-5 px-3 mt-3 text-white"
          data-testid="goto-home"
        >
          Let's take you home
        </button>
      </div>
    </div>
  </body>,
  "container": <div>
    <div
      class="contained"
    >
      <svg>
        404.svg
      </svg>
      <h1
        class="mt-4 text-center"
      >
        Something's missing
      </h1>
      <p
        class="text-center"
      >
        This page is missing or you assembled the link incorrectly.
      </p>
      <button
        class="bg-blue p-2-5 px-3 mt-3 text-white"
        data-testid="goto-home"
      >
        Let's take you home
      </button>
    </div>
  </div>,
  "debug": [Function],
  "findAllByAltText": [Function],
  "findAllByDisplayValue": [Function],
  "findAllByLabelText": [Function],
  "findAllByPlaceholderText": [Function],
  "findAllByRole": [Function],
  "findAllByTestId": [Function],
  "findAllByText": [Function],
  "findAllByTitle": [Function],
  "findByAltText": [Function],
  "findByDisplayValue": [Function],
  "findByLabelText": [Function],
  "findByPlaceholderText": [Function],
  "findByRole": [Function],
  "findByTestId": [Function],
  "findByText": [Function],
  "findByTitle": [Function],
  "getAllByAltText": [Function],
  "getAllByDisplayValue": [Function],
  "getAllByLabelText": [Function],
  "getAllByPlaceholderText": [Function],
  "getAllByRole": [Function],
  "getAllByTestId": [Function],
  "getAllByText": [Function],
  "getAllByTitle": [Function],
  "getByAltText": [Function],
  "getByDisplayValue": [Function],
  "getByLabelText": [Function],
  "getByPlaceholderText": [Function],
  "getByRole": [Function],
  "getByTestId": [Function],
  "getByText": [Function],
  "getByTitle": [Function],
  "queryAllByAltText": [Function],
  "queryAllByDisplayValue": [Function],
  "queryAllByLabelText": [Function],
  "queryAllByPlaceholderText": [Function],
  "queryAllByRole": [Function],
  "queryAllByTestId": [Function],
  "queryAllByText": [Function],
  "queryAllByTitle": [Function],
  "queryByAltText": [Function],
  "queryByDisplayValue": [Function],
  "queryByLabelText": [Function],
  "queryByPlaceholderText": [Function],
  "queryByRole": [Function],
  "queryByTestId": [Function],
  "queryByText": [Function],
  "queryByTitle": [Function],
  "rerender": [Function],
  "unmount": [Function],
}
`;
